NET "enPhy"     LOC = "AB2"  | IOSTANDARD = LVTTL  | SLEW = FAST ; # C1_01_O TX_P<0>
NET "enPed"     LOC = "AA3"  | IOSTANDARD = LVTTL  | SLEW = FAST ; # C1_02_O TX_N<0>
NET "ww"        LOC = "AB3"  | IOSTANDARD = LVTTL  | SLEW = FAST ; # C1_03_O TX_P<1>
NET "ee"        LOC = "AA4"  | IOSTANDARD = LVTTL  | SLEW = FAST ; # C1_04_O TX_N<1>
NET "daqRes"    LOC = "AA6"  | IOSTANDARD = LVTTL  | SLEW = FAST ; # C1_05_O TX_P<2>
NET "ped"       LOC = "AB6"  | IOSTANDARD = LVTTL  | SLEW = FAST ; # C1_06_O TX_N<2>
NET "veto"      LOC = "Y7"   | IOSTANDARD = LVTTL  | SLEW = FAST ; # C1_07_O TX_P<3>
NET "T1"        LOC = "AB7"  | IOSTANDARD = LVTTL  | SLEW = FAST ; # C1_08_O TX_N<3>
NET "T2"        LOC = "AA8"  | IOSTANDARD = LVTTL  | SLEW = FAST ; # C1_09_O TX_P<4>
NET "T1oT2"     LOC = "AB8"  | IOSTANDARD = LVTTL  | SLEW = FAST ; # C1_10_I TX_N<4>
NET "Vout"      LOC = "AA10" | IOSTANDARD = LVTTL  | SLEW = FAST ; # C1_11_I TX_P<CK>
NET "T1eT2"     LOC = "AB10" | IOSTANDARD = LVTTL  | SLEW = FAST ; # C1_12_I TX_N<CK>
NET "isT1T2"    LOC = "A4"   | IOSTANDARD = LVTTL  | SLEW = FAST ; # C1_13_I RX_P<0>
NET "unused"    LOC = "B4"   | IOSTANDARD = LVTTL  | SLEW = FAST ; # C1_14_I RX_N<0>
NET "isPed"     LOC = "B6"   | IOSTANDARD = LVTTL  | SLEW = FAST ; # C1_15_I RX_P<1>
NET "isSpill"   LOC = "A5"   | IOSTANDARD = LVTTL  | SLEW = FAST ; # C1_16_I RX_N<1>
NET "daqTr1"    LOC = "A7"   | IOSTANDARD = LVTTL  | SLEW = FAST ; # C1_17_I RX_P<2>
NET "daqTr2"    LOC = "A6"   | IOSTANDARD = LVTTL  | SLEW = FAST ; # C1_18_I RX_N<2>
NET "daqTr3"    LOC = "A9"   | IOSTANDARD = LVTTL  | SLEW = FAST ; # C1_19_I RX_P<3>
NET "enable"    LOC = "A8"   | IOSTANDARD = LVTTL  | SLEW = FAST ; # C1_20_O RX_N<3> 
